
Ошибка сборки.
    Предупреждений: 0
    Ошибок: 0

Прошло времени 00:00:02.58

Доступны обновления рабочей нагрузки. Для получения дополнительных сведений запустите `dotnet workload list`.
